2026-01-19 16:12:26.170 +09:00 [INF] ===========================================
2026-01-19 16:12:26.219 +09:00 [INF] Mitsubishi OPC UA Server 시작
2026-01-19 16:12:26.219 +09:00 [INF] ===========================================
2026-01-19 16:12:26.298 +09:00 [INF] 설정 로드 완료:
2026-01-19 16:12:26.299 +09:00 [INF]   - Channel: MxComponent
2026-01-19 16:12:26.302 +09:00 [INF]   - Device: Q02UCPU
2026-01-19 16:12:26.303 +09:00 [INF]   - Logical Station: 0
2026-01-19 16:12:26.304 +09:00 [INF]   - OPC UA Port: 4840
2026-01-19 16:12:26.304 +09:00 [INF]   - Tags: 11개
2026-01-19 16:12:26.859 +09:00 [INF] OPC UA 서버 시작 중... Port: 4840
2026-01-19 16:12:27.437 +09:00 [INF] MasterNodeManager 생성 중...
2026-01-19 16:12:27.983 +09:00 [INF] OPC UA 노드 생성: D100 -> D100
2026-01-19 16:12:27.984 +09:00 [INF] OPC UA 노드 생성: D101 -> D101
2026-01-19 16:12:27.985 +09:00 [INF] OPC UA 노드 생성: D102 -> D102
2026-01-19 16:12:27.985 +09:00 [INF] OPC UA 노드 생성: D200 -> D200
2026-01-19 16:12:27.985 +09:00 [INF] OPC UA 노드 생성: M0 -> M0
2026-01-19 16:12:27.986 +09:00 [INF] OPC UA 노드 생성: M1 -> M1
2026-01-19 16:12:27.986 +09:00 [INF] OPC UA 노드 생성: M100 -> M100
2026-01-19 16:12:27.986 +09:00 [INF] OPC UA 노드 생성: X0 -> X0
2026-01-19 16:12:27.987 +09:00 [INF] OPC UA 노드 생성: X1 -> X1
2026-01-19 16:12:27.987 +09:00 [INF] OPC UA 노드 생성: Y0 -> Y0
2026-01-19 16:12:27.987 +09:00 [INF] OPC UA 노드 생성: Y1 -> Y1
2026-01-19 16:12:27.988 +09:00 [INF] OPC UA Address Space 생성 완료. 태그 수: 13
2026-01-19 16:12:28.020 +09:00 [INF] OPC UA 서버 시작됨. Endpoint: opc.tcp://localhost:4840
2026-01-19 16:12:28.020 +09:00 [INF]   Endpoint: "opc.tcp://localhost:4840/"
2026-01-19 16:12:28.022 +09:00 [INF] 
2026-01-19 16:12:28.022 +09:00 [INF] 서버 실행 중. 종료하려면 Ctrl+C를 누르세요.
2026-01-19 16:12:28.022 +09:00 [INF] 
2026-01-19 16:12:28.022 +09:00 [INF] PLC 연결 시도 중...
2026-01-19 16:12:33.263 +09:00 [INF] PLC 연결 성공. Logical Station: 0, Device: Q02UCPU
2026-01-19 16:12:33.264 +09:00 [INF] PLC 연결 성공!
